hermez bot running
/data/data/com.termux/files/home/hermez-bot/node_modules/telegraf/lib/core/network/client.js:315
            throw new error_1.default(data, { method, payload });
                  ^

TelegramError: 409: Conflict: terminated by other getUpdates request; make sure that only one bot instance is running
    at Telegram.callApi (/data/data/com.termux/files/home/hermez-bot/node_modules/telegraf/lib/core/network/client.js:315:19)
    at process.processTicksAndRejections (node:internal/process/task_queues:104:5)
    at async [Symbol.asyncIterator] (/data/data/com.termux/files/home/hermez-bot/node_modules/telegraf/lib/core/network/polling.js:30:33)
    at async Polling.loop (/data/data/com.termux/files/home/hermez-bot/node_modules/telegraf/lib/core/network/polling.js:73:30)
    at async Telegraf.launch (/data/data/com.termux/files/home/hermez-bot/node_modules/telegraf/lib/telegraf.js:194:13) {
  response: {
    ok: false,
    error_code: 409,
    description: 'Conflict: terminated by other getUpdates request; make sure that only one bot instance is running'
  },
  on: {
    method: 'getUpdates',
    payload: { timeout: 50, offset: 0, allowed_updates: [] }
  }
}

Node.js v26.4.0
